9267703.kman.restech.unsw.edu.au
Output dir: results/train/gemma_4b_m90k
Model: /srv/scratch/z5531827/simt-models/gemma-4-E4B-it
Tokenizer: results/train/gemma_4b_m90k/tokenizer
Loading tokenizer ...
  vocab size: 262,146
Loading model from /srv/scratch/z5531827/simt-models/gemma-4-E4B-it ...

  loaded; original embed rows: 262,144
Resizing embeddings: +2 rows (mean-cov init)
[transformers] The new embeddings will be initialized from a multivariate normal distribution that has old embeddings' mean and covariance. As described in this article: https://nlp.stanford.edu/~johnhew/vocab-expansion.html. To disable this, use `mean_resizing=False`

Loading + rendering training rows ...
Filtered augmentation: kept 51912/51912 base rows.
  51,912 rows to train on
Building input_ids from chunk_ids (direct-splice; no string round-trip) ...
  Row 0 preview (first 300 chars of decoded):
    '<bos><|turn>system\nYou are a helpful assistant.<turn|>\n<|turn>user\nTranslate the following text from German into English with low latency.<turn|>\n<|turn>model\nDas San Francisco Police Department sagte,<|end-of-read|>The San Francisco Police Department said,<|end-of-write|> dass der Tod<|end-of-read|'
    n_ids=90, labels_masked=32
  Row 1 preview (first 300 chars of decoded):
    '<bos><|turn>system\nYou are a helpful assistant.<turn|>\n<|turn>user\nTranslate the following text from German into English with low latency.<turn|>\n<|turn>model\nUnsere Gedanken und unser Beileid<|end-of-read|>Our thoughts and our condolences<|end-of-write|> sind in dieser schweren Zeit<|end-of-read|> '
    n_ids=76, labels_masked=32

Filter:   0%|          | 0/51912 [00:00<?, ? examples/s]
Filter:  48%|████▊     | 25000/51912 [00:00<00:00, 243227.02 examples/s]
Filter: 100%|██████████| 51912/51912 [00:00<00:00, 228418.89 examples/s]
Filter: 100%|██████████| 51912/51912 [00:00<00:00, 229502.93 examples/s]

Filter:   0%|          | 0/51912 [00:00<?, ? examples/s]
Filter:  50%|█████     | 26000/51912 [00:00<00:00, 249878.34 examples/s]
Filter: 100%|██████████| 51912/51912 [00:00<00:00, 229896.27 examples/s]
Filter: 100%|██████████| 51912/51912 [00:00<00:00, 231952.22 examples/s]
  Split: 51912 unique idx -> train 49317 idx (49317 rows), eval 2595 idx (2595 rows)
[RANK 0] Detected kernel version 4.18.0, which is below the recommended minimum of 5.5.0; this can cause the process to hang. It is recommended to upgrade the kernel to the minimum version or higher.

Starting training ...

{'loss': '5.308', 'grad_norm': '29.5', 'learning_rate': '4.9e-06', 'epoch': '0.01622'}

{'loss': '3.141', 'grad_norm': '16.5', 'learning_rate': '9.9e-06', 'epoch': '0.03244'}

{'loss': '2.798', 'grad_norm': '9.625', 'learning_rate': '1.49e-05', 'epoch': '0.04866'}

{'loss': '2.365', 'grad_norm': '14.81', 'learning_rate': '1.488e-05', 'epoch': '0.06489'}

{'loss': '1.73', 'grad_norm': '10.69', 'learning_rate': '1.475e-05', 'epoch': '0.08111'}

[A{'eval_loss': '1.652', 'eval_runtime': '31.74', 'eval_samples_per_second': '81.75', 'eval_steps_per_second': '40.89', 'epoch': '0.08111'}

                                                   [A

Writing model shards:   0%|          | 0/1 [00:00<?, ?it/s][A

Writing model shards: 100%|██████████| 1/1 [00:07<00:00,  7.15s/it][A
Writing model shards: 100%|██████████| 1/1 [00:07<00:00,  7.16s/it]

{'loss': '1.602', 'grad_norm': '14.31', 'learning_rate': '1.463e-05', 'epoch': '0.09733'}

{'loss': '1.576', 'grad_norm': '10.12', 'learning_rate': '1.45e-05', 'epoch': '0.1135'}

{'loss': '1.563', 'grad_norm': '9.938', 'learning_rate': '1.438e-05', 'epoch': '0.1298'}

{'loss': '1.553', 'grad_norm': '10.25', 'learning_rate': '1.425e-05', 'epoch': '0.146'}

{'loss': '1.578', 'grad_norm': '8.938', 'learning_rate': '1.413e-05', 'epoch': '0.1622'}

[A{'eval_loss': '1.531', 'eval_runtime': '31.7', 'eval_samples_per_second': '81.87', 'eval_steps_per_second': '40.95', 'epoch': '0.1622'}

                                                   [A

Writing model shards:   0%|          | 0/1 [00:00<?, ?it/s][A

Writing model shards: 100%|██████████| 1/1 [00:07<00:00,  7.10s/it][A
Writing model shards: 100%|██████████| 1/1 [00:07<00:00,  7.10s/it]

{'loss': '1.54', 'grad_norm': '10.06', 'learning_rate': '1.401e-05', 'epoch': '0.1784'}

{'loss': '1.517', 'grad_norm': '9.062', 'learning_rate': '1.388e-05', 'epoch': '0.1947'}

{'loss': '1.499', 'grad_norm': '9.188', 'learning_rate': '1.376e-05', 'epoch': '0.2109'}

{'loss': '1.488', 'grad_norm': '12.25', 'learning_rate': '1.363e-05', 'epoch': '0.2271'}

{'loss': '1.465', 'grad_norm': '9.188', 'learning_rate': '1.351e-05', 'epoch': '0.2433'}

[A{'eval_loss': '1.477', 'eval_runtime': '31.54', 'eval_samples_per_second': '82.28', 'eval_steps_per_second': '41.15', 'epoch': '0.2433'}

                                                   [A

Writing model shards:   0%|          | 0/1 [00:00<?, ?it/s][A

Writing model shards: 100%|██████████| 1/1 [00:07<00:00,  7.14s/it][A
Writing model shards: 100%|██████████| 1/1 [00:07<00:00,  7.14s/it]

{'loss': '1.454', 'grad_norm': '7.156', 'learning_rate': '1.338e-05', 'epoch': '0.2595'}

{'loss': '1.468', 'grad_norm': '10.38', 'learning_rate': '1.326e-05', 'epoch': '0.2758'}

{'loss': '1.475', 'grad_norm': '8.688', 'learning_rate': '1.313e-05', 'epoch': '0.292'}

{'loss': '1.47', 'grad_norm': '9.375', 'learning_rate': '1.301e-05', 'epoch': '0.3082'}

{'loss': '1.467', 'grad_norm': '11.44', 'learning_rate': '1.288e-05', 'epoch': '0.3244'}

[A{'eval_loss': '1.435', 'eval_runtime': '31.76', 'eval_samples_per_second': '81.7', 'eval_steps_per_second': '40.87', 'epoch': '0.3244'}

                                                   [A

Writing model shards:   0%|          | 0/1 [00:00<?, ?it/s][A

Writing model shards: 100%|██████████| 1/1 [00:07<00:00,  7.23s/it][A
Writing model shards: 100%|██████████| 1/1 [00:07<00:00,  7.23s/it]

{'loss': '1.462', 'grad_norm': '8.375', 'learning_rate': '1.276e-05', 'epoch': '0.3406'}

{'loss': '1.45', 'grad_norm': '8.5', 'learning_rate': '1.263e-05', 'epoch': '0.3569'}

{'loss': '1.439', 'grad_norm': '7.719', 'learning_rate': '1.251e-05', 'epoch': '0.3731'}

{'loss': '1.404', 'grad_norm': '9.625', 'learning_rate': '1.238e-05', 'epoch': '0.3893'}

{'loss': '1.421', 'grad_norm': '8.188', 'learning_rate': '1.226e-05', 'epoch': '0.4055'}

[A{'eval_loss': '1.401', 'eval_runtime': '31.75', 'eval_samples_per_second': '81.72', 'eval_steps_per_second': '40.88', 'epoch': '0.4055'}

                                                   [A

Writing model shards:   0%|          | 0/1 [00:00<?, ?it/s][A

Writing model shards: 100%|██████████| 1/1 [00:07<00:00,  7.10s/it][A
Writing model shards: 100%|██████████| 1/1 [00:07<00:00,  7.10s/it]

{'loss': '1.397', 'grad_norm': '9.938', 'learning_rate': '1.214e-05', 'epoch': '0.4218'}

{'loss': '1.415', 'grad_norm': '7.594', 'learning_rate': '1.201e-05', 'epoch': '0.438'}

{'loss': '1.395', 'grad_norm': '7.438', 'learning_rate': '1.189e-05', 'epoch': '0.4542'}

{'loss': '1.377', 'grad_norm': '10.31', 'learning_rate': '1.176e-05', 'epoch': '0.4704'}

{'loss': '1.376', 'grad_norm': '7.531', 'learning_rate': '1.164e-05', 'epoch': '0.4866'}

[A{'eval_loss': '1.375', 'eval_runtime': '31.47', 'eval_samples_per_second': '82.46', 'eval_steps_per_second': '41.24', 'epoch': '0.4866'}

                                                   [A

Writing model shards:   0%|          | 0/1 [00:00<?, ?it/s][A

Writing model shards: 100%|██████████| 1/1 [00:07<00:00,  7.12s/it][A
Writing model shards: 100%|██████████| 1/1 [00:07<00:00,  7.12s/it]

{'loss': '1.373', 'grad_norm': '9.438', 'learning_rate': '1.151e-05', 'epoch': '0.5029'}

{'loss': '1.365', 'grad_norm': '8.625', 'learning_rate': '1.139e-05', 'epoch': '0.5191'}

{'loss': '1.347', 'grad_norm': '8.438', 'learning_rate': '1.126e-05', 'epoch': '0.5353'}

{'loss': '1.373', 'grad_norm': '8.375', 'learning_rate': '1.114e-05', 'epoch': '0.5515'}

{'loss': '1.357', 'grad_norm': '7.75', 'learning_rate': '1.101e-05', 'epoch': '0.5677'}

[A{'eval_loss': '1.35', 'eval_runtime': '31.72', 'eval_samples_per_second': '81.8', 'eval_steps_per_second': '40.91', 'epoch': '0.5677'}

                                                   [A

Writing model shards:   0%|          | 0/1 [00:00<?, ?it/s][A

Writing model shards: 100%|██████████| 1/1 [00:07<00:00,  7.19s/it][A
Writing model shards: 100%|██████████| 1/1 [00:07<00:00,  7.19s/it]

{'loss': '1.329', 'grad_norm': '6.281', 'learning_rate': '1.089e-05', 'epoch': '0.584'}

{'loss': '1.37', 'grad_norm': '10.5', 'learning_rate': '1.076e-05', 'epoch': '0.6002'}

{'loss': '1.35', 'grad_norm': '7.188', 'learning_rate': '1.064e-05', 'epoch': '0.6164'}

{'loss': '1.345', 'grad_norm': '8.25', 'learning_rate': '1.051e-05', 'epoch': '0.6326'}

{'loss': '1.346', 'grad_norm': '9.625', 'learning_rate': '1.039e-05', 'epoch': '0.6489'}

[A{'eval_loss': '1.331', 'eval_runtime': '31.64', 'eval_samples_per_second': '82.02', 'eval_steps_per_second': '41.03', 'epoch': '0.6489'}

                                                   [A

Writing model shards:   0%|          | 0/1 [00:00<?, ?it/s][A

Writing model shards: 100%|██████████| 1/1 [00:07<00:00,  7.19s/it][A
Writing model shards: 100%|██████████| 1/1 [00:07<00:00,  7.19s/it]

{'loss': '1.327', 'grad_norm': '8.562', 'learning_rate': '1.027e-05', 'epoch': '0.6651'}

{'loss': '1.314', 'grad_norm': '8.188', 'learning_rate': '1.014e-05', 'epoch': '0.6813'}

{'loss': '1.317', 'grad_norm': '18.12', 'learning_rate': '1.002e-05', 'epoch': '0.6975'}

{'loss': '1.336', 'grad_norm': '7.938', 'learning_rate': '9.891e-06', 'epoch': '0.7137'}

{'loss': '1.333', 'grad_norm': '8.625', 'learning_rate': '9.766e-06', 'epoch': '0.73'}

[A{'eval_loss': '1.314', 'eval_runtime': '31.53', 'eval_samples_per_second': '82.31', 'eval_steps_per_second': '41.17', 'epoch': '0.73'}

                                                   [A

Writing model shards:   0%|          | 0/1 [00:00<?, ?it/s][A

Writing model shards: 100%|██████████| 1/1 [00:07<00:00,  7.15s/it][A
Writing model shards: 100%|██████████| 1/1 [00:07<00:00,  7.15s/it]

{'loss': '1.327', 'grad_norm': '11.62', 'learning_rate': '9.642e-06', 'epoch': '0.7462'}

{'loss': '1.309', 'grad_norm': '6.875', 'learning_rate': '9.517e-06', 'epoch': '0.7624'}

{'loss': '1.336', 'grad_norm': '6.969', 'learning_rate': '9.392e-06', 'epoch': '0.7786'}

{'loss': '1.31', 'grad_norm': '7.781', 'learning_rate': '9.268e-06', 'epoch': '0.7948'}

{'loss': '1.287', 'grad_norm': '8.5', 'learning_rate': '9.143e-06', 'epoch': '0.8111'}

[A{'eval_loss': '1.3', 'eval_runtime': '31.45', 'eval_samples_per_second': '82.5', 'eval_steps_per_second': '41.27', 'epoch': '0.8111'}

                                                   [A

Writing model shards:   0%|          | 0/1 [00:00<?, ?it/s][A

Writing model shards: 100%|██████████| 1/1 [00:07<00:00,  7.09s/it][A
Writing model shards: 100%|██████████| 1/1 [00:07<00:00,  7.09s/it]

{'loss': '1.318', 'grad_norm': '7.938', 'learning_rate': '9.018e-06', 'epoch': '0.8273'}

{'loss': '1.317', 'grad_norm': '10.25', 'learning_rate': '8.894e-06', 'epoch': '0.8435'}

{'loss': '1.282', 'grad_norm': '7.281', 'learning_rate': '8.769e-06', 'epoch': '0.8597'}

{'loss': '1.281', 'grad_norm': '8.062', 'learning_rate': '8.644e-06', 'epoch': '0.8759'}

{'loss': '1.294', 'grad_norm': '9.562', 'learning_rate': '8.52e-06', 'epoch': '0.8922'}

[A{'eval_loss': '1.286', 'eval_runtime': '31.65', 'eval_samples_per_second': '81.98', 'eval_steps_per_second': '41.01', 'epoch': '0.8922'}

                                                   [A

Writing model shards:   0%|          | 0/1 [00:00<?, ?it/s][A

Writing model shards: 100%|██████████| 1/1 [00:10<00:00, 10.58s/it][A
Writing model shards: 100%|██████████| 1/1 [00:10<00:00, 10.58s/it]

{'loss': '1.268', 'grad_norm': '11.88', 'learning_rate': '8.395e-06', 'epoch': '0.9084'}

{'loss': '1.278', 'grad_norm': '15.5', 'learning_rate': '8.27e-06', 'epoch': '0.9246'}

{'loss': '1.304', 'grad_norm': '8.688', 'learning_rate': '8.146e-06', 'epoch': '0.9408'}

{'loss': '1.29', 'grad_norm': '8', 'learning_rate': '8.021e-06', 'epoch': '0.9571'}

{'loss': '1.302', 'grad_norm': '14.44', 'learning_rate': '7.896e-06', 'epoch': '0.9733'}

[A{'eval_loss': '1.274', 'eval_runtime': '31.38', 'eval_samples_per_second': '82.69', 'eval_steps_per_second': '41.36', 'epoch': '0.9733'}

                                                   [A

Writing model shards:   0%|          | 0/1 [00:00<?, ?it/s][A

Writing model shards: 100%|██████████| 1/1 [00:07<00:00,  7.18s/it][A
Writing model shards: 100%|██████████| 1/1 [00:07<00:00,  7.19s/it]

{'loss': '1.297', 'grad_norm': '9.125', 'learning_rate': '7.772e-06', 'epoch': '0.9895'}

{'loss': '1.224', 'grad_norm': '7.125', 'learning_rate': '7.647e-06', 'epoch': '1.006'}

{'loss': '1.15', 'grad_norm': '7.25', 'learning_rate': '7.522e-06', 'epoch': '1.022'}

{'loss': '1.154', 'grad_norm': '8.75', 'learning_rate': '7.398e-06', 'epoch': '1.038'}

{'loss': '1.146', 'grad_norm': '9.062', 'learning_rate': '7.273e-06', 'epoch': '1.054'}

[A{'eval_loss': '1.272', 'eval_runtime': '31.36', 'eval_samples_per_second': '82.75', 'eval_steps_per_second': '41.39', 'epoch': '1.054'}

                                                   [A

Writing model shards:   0%|          | 0/1 [00:00<?, ?it/s][A

Writing model shards: 100%|██████████| 1/1 [00:07<00:00,  7.20s/it][A
Writing model shards: 100%|██████████| 1/1 [00:07<00:00,  7.20s/it]

{'loss': '1.145', 'grad_norm': '8.312', 'learning_rate': '7.148e-06', 'epoch': '1.07'}

{'loss': '1.154', 'grad_norm': '8.5', 'learning_rate': '7.024e-06', 'epoch': '1.087'}

{'loss': '1.183', 'grad_norm': '8.875', 'learning_rate': '6.899e-06', 'epoch': '1.103'}

{'loss': '1.177', 'grad_norm': '8.312', 'learning_rate': '6.774e-06', 'epoch': '1.119'}

{'loss': '1.171', 'grad_norm': '9.562', 'learning_rate': '6.65e-06', 'epoch': '1.135'}

[A{'eval_loss': '1.264', 'eval_runtime': '31.34', 'eval_samples_per_second': '82.8', 'eval_steps_per_second': '41.42', 'epoch': '1.135'}

                                                   [A

Writing model shards:   0%|          | 0/1 [00:00<?, ?it/s][A

Writing model shards: 100%|██████████| 1/1 [00:09<00:00,  9.97s/it][A
Writing model shards: 100%|██████████| 1/1 [00:09<00:00,  9.97s/it]

{'loss': '1.155', 'grad_norm': '9', 'learning_rate': '6.525e-06', 'epoch': '1.152'}

{'loss': '1.159', 'grad_norm': '12', 'learning_rate': '6.4e-06', 'epoch': '1.168'}

{'loss': '1.127', 'grad_norm': '8.688', 'learning_rate': '6.276e-06', 'epoch': '1.184'}

{'loss': '1.139', 'grad_norm': '7.688', 'learning_rate': '6.151e-06', 'epoch': '1.2'}

{'loss': '1.138', 'grad_norm': '7.25', 'learning_rate': '6.026e-06', 'epoch': '1.216'}

[A{'eval_loss': '1.262', 'eval_runtime': '31.32', 'eval_samples_per_second': '82.85', 'eval_steps_per_second': '41.44', 'epoch': '1.216'}

                                                   [A

Writing model shards:   0%|          | 0/1 [00:00<?, ?it/s][A

Writing model shards: 100%|██████████| 1/1 [00:07<00:00,  7.03s/it][A
Writing model shards: 100%|██████████| 1/1 [00:07<00:00,  7.03s/it]

{'loss': '1.146', 'grad_norm': '9.312', 'learning_rate': '5.902e-06', 'epoch': '1.233'}

{'loss': '1.13', 'grad_norm': '8.375', 'learning_rate': '5.777e-06', 'epoch': '1.249'}

{'loss': '1.158', 'grad_norm': '8.875', 'learning_rate': '5.652e-06', 'epoch': '1.265'}

{'loss': '1.126', 'grad_norm': '10.38', 'learning_rate': '5.528e-06', 'epoch': '1.281'}

{'loss': '1.152', 'grad_norm': '9.438', 'learning_rate': '5.403e-06', 'epoch': '1.297'}

[A{'eval_loss': '1.257', 'eval_runtime': '31.59', 'eval_samples_per_second': '82.15', 'eval_steps_per_second': '41.09', 'epoch': '1.297'}

                                                   [A

Writing model shards:   0%|          | 0/1 [00:00<?, ?it/s][A

Writing model shards: 100%|██████████| 1/1 [00:06<00:00,  6.97s/it][A
Writing model shards: 100%|██████████| 1/1 [00:06<00:00,  6.97s/it]

{'loss': '1.157', 'grad_norm': '8.688', 'learning_rate': '5.278e-06', 'epoch': '1.314'}

{'loss': '1.161', 'grad_norm': '8.812', 'learning_rate': '5.154e-06', 'epoch': '1.33'}

{'loss': '1.143', 'grad_norm': '7.469', 'learning_rate': '5.029e-06', 'epoch': '1.346'}

{'loss': '1.139', 'grad_norm': '9.062', 'learning_rate': '4.904e-06', 'epoch': '1.362'}

{'loss': '1.159', 'grad_norm': '8.75', 'learning_rate': '4.78e-06', 'epoch': '1.379'}

[A{'eval_loss': '1.254', 'eval_runtime': '31.61', 'eval_samples_per_second': '82.1', 'eval_steps_per_second': '41.06', 'epoch': '1.379'}

                                                   [A

Writing model shards:   0%|          | 0/1 [00:00<?, ?it/s][A

Writing model shards: 100%|██████████| 1/1 [00:07<00:00,  7.09s/it][A
Writing model shards: 100%|██████████| 1/1 [00:07<00:00,  7.09s/it]

{'loss': '1.152', 'grad_norm': '7.688', 'learning_rate': '4.655e-06', 'epoch': '1.395'}

{'loss': '1.106', 'grad_norm': '7.688', 'learning_rate': '4.53e-06', 'epoch': '1.411'}

{'loss': '1.145', 'grad_norm': '9.5', 'learning_rate': '4.406e-06', 'epoch': '1.427'}

{'loss': '1.168', 'grad_norm': '8.562', 'learning_rate': '4.281e-06', 'epoch': '1.443'}

{'loss': '1.151', 'grad_norm': '8.312', 'learning_rate': '4.156e-06', 'epoch': '1.46'}

[A{'eval_loss': '1.252', 'eval_runtime': '31.58', 'eval_samples_per_second': '82.16', 'eval_steps_per_second': '41.1', 'epoch': '1.46'}

                                                   [A

Writing model shards:   0%|          | 0/1 [00:00<?, ?it/s][A

Writing model shards: 100%|██████████| 1/1 [00:07<00:00,  7.40s/it][A
Writing model shards: 100%|██████████| 1/1 [00:07<00:00,  7.40s/it]

{'loss': '1.137', 'grad_norm': '9.062', 'learning_rate': '4.032e-06', 'epoch': '1.476'}

{'loss': '1.132', 'grad_norm': '8.625', 'learning_rate': '3.907e-06', 'epoch': '1.492'}

{'loss': '1.102', 'grad_norm': '8.062', 'learning_rate': '3.782e-06', 'epoch': '1.508'}

{'loss': '1.165', 'grad_norm': '9.938', 'learning_rate': '3.658e-06', 'epoch': '1.525'}

{'loss': '1.135', 'grad_norm': '7.375', 'learning_rate': '3.533e-06', 'epoch': '1.541'}

[A{'eval_loss': '1.25', 'eval_runtime': '31.55', 'eval_samples_per_second': '82.25', 'eval_steps_per_second': '41.14', 'epoch': '1.541'}

                                                   [A

Writing model shards:   0%|          | 0/1 [00:00<?, ?it/s][A

Writing model shards: 100%|██████████| 1/1 [00:06<00:00,  6.93s/it][A
Writing model shards: 100%|██████████| 1/1 [00:06<00:00,  6.93s/it]

{'loss': '1.151', 'grad_norm': '8.625', 'learning_rate': '3.408e-06', 'epoch': '1.557'}

{'loss': '1.111', 'grad_norm': '7.969', 'learning_rate': '3.284e-06', 'epoch': '1.573'}

{'loss': '1.163', 'grad_norm': '7.594', 'learning_rate': '3.159e-06', 'epoch': '1.589'}

{'loss': '1.137', 'grad_norm': '8.5', 'learning_rate': '3.034e-06', 'epoch': '1.606'}

{'loss': '1.155', 'grad_norm': '8.375', 'learning_rate': '2.91e-06', 'epoch': '1.622'}

[A{'eval_loss': '1.249', 'eval_runtime': '31.51', 'eval_samples_per_second': '82.35', 'eval_steps_per_second': '41.19', 'epoch': '1.622'}

                                                   [A

Writing model shards:   0%|          | 0/1 [00:00<?, ?it/s][A

Writing model shards: 100%|██████████| 1/1 [00:06<00:00,  6.87s/it][A
Writing model shards: 100%|██████████| 1/1 [00:06<00:00,  6.87s/it]

{'loss': '1.134', 'grad_norm': '8.188', 'learning_rate': '2.785e-06', 'epoch': '1.638'}

{'loss': '1.108', 'grad_norm': '9.5', 'learning_rate': '2.66e-06', 'epoch': '1.654'}

{'loss': '1.127', 'grad_norm': '11.44', 'learning_rate': '2.536e-06', 'epoch': '1.671'}

{'loss': '1.136', 'grad_norm': '7.938', 'learning_rate': '2.411e-06', 'epoch': '1.687'}

{'loss': '1.133', 'grad_norm': '11.25', 'learning_rate': '2.286e-06', 'epoch': '1.703'}

[A{'eval_loss': '1.249', 'eval_runtime': '31.46', 'eval_samples_per_second': '82.48', 'eval_steps_per_second': '41.26', 'epoch': '1.703'}

                                                   [A

Writing model shards:   0%|          | 0/1 [00:00<?, ?it/s][A

Writing model shards: 100%|██████████| 1/1 [00:06<00:00,  6.89s/it][A
Writing model shards: 100%|██████████| 1/1 [00:06<00:00,  6.90s/it]

{'loss': '1.12', 'grad_norm': '9.688', 'learning_rate': '2.162e-06', 'epoch': '1.719'}

{'loss': '1.16', 'grad_norm': '11.31', 'learning_rate': '2.037e-06', 'epoch': '1.735'}

{'loss': '1.142', 'grad_norm': '9.438', 'learning_rate': '1.912e-06', 'epoch': '1.752'}

{'loss': '1.146', 'grad_norm': '9.312', 'learning_rate': '1.788e-06', 'epoch': '1.768'}

{'loss': '1.115', 'grad_norm': '7.438', 'learning_rate': '1.663e-06', 'epoch': '1.784'}

[A{'eval_loss': '1.248', 'eval_runtime': '31.29', 'eval_samples_per_second': '82.94', 'eval_steps_per_second': '41.49', 'epoch': '1.784'}

                                                   [A

Writing model shards:   0%|          | 0/1 [00:00<?, ?it/s][A

Writing model shards: 100%|██████████| 1/1 [00:07<00:00,  7.05s/it][A
Writing model shards: 100%|██████████| 1/1 [00:07<00:00,  7.05s/it]

{'loss': '1.121', 'grad_norm': '9.5', 'learning_rate': '1.538e-06', 'epoch': '1.8'}

{'loss': '1.131', 'grad_norm': '8.312', 'learning_rate': '1.414e-06', 'epoch': '1.817'}

{'loss': '1.147', 'grad_norm': '9.562', 'learning_rate': '1.289e-06', 'epoch': '1.833'}

{'loss': '1.127', 'grad_norm': '9.5', 'learning_rate': '1.164e-06', 'epoch': '1.849'}

{'loss': '1.134', 'grad_norm': '8.625', 'learning_rate': '1.04e-06', 'epoch': '1.865'}

[A{'eval_loss': '1.248', 'eval_runtime': '31.43', 'eval_samples_per_second': '82.56', 'eval_steps_per_second': '41.3', 'epoch': '1.865'}

                                                   [A

Writing model shards:   0%|          | 0/1 [00:00<?, ?it/s][A

Writing model shards: 100%|██████████| 1/1 [00:07<00:00,  7.73s/it][A
Writing model shards: 100%|██████████| 1/1 [00:07<00:00,  7.73s/it]

{'loss': '1.156', 'grad_norm': '10.25', 'learning_rate': '9.151e-07', 'epoch': '1.881'}

{'loss': '1.129', 'grad_norm': '9.438', 'learning_rate': '7.904e-07', 'epoch': '1.898'}

{'loss': '1.138', 'grad_norm': '8.688', 'learning_rate': '6.657e-07', 'epoch': '1.914'}

{'loss': '1.126', 'grad_norm': '10.38', 'learning_rate': '5.411e-07', 'epoch': '1.93'}

{'loss': '1.141', 'grad_norm': '8.688', 'learning_rate': '4.164e-07', 'epoch': '1.946'}

[A{'eval_loss': '1.248', 'eval_runtime': '31.45', 'eval_samples_per_second': '82.52', 'eval_steps_per_second': '41.27', 'epoch': '1.946'}

                                                   [A

Writing model shards:   0%|          | 0/1 [00:00<?, ?it/s][A

Writing model shards: 100%|██████████| 1/1 [00:07<00:00,  7.80s/it][A
Writing model shards: 100%|██████████| 1/1 [00:07<00:00,  7.80s/it]

{'loss': '1.132', 'grad_norm': '8.25', 'learning_rate': '2.917e-07', 'epoch': '1.963'}

{'loss': '1.14', 'grad_norm': '13.69', 'learning_rate': '1.671e-07', 'epoch': '1.979'}

{'loss': '1.12', 'grad_norm': '8.812', 'learning_rate': '4.239e-08', 'epoch': '1.995'}

[A{'eval_loss': '1.248', 'eval_runtime': '31.34', 'eval_samples_per_second': '82.81', 'eval_steps_per_second': '41.42', 'epoch': '2'}

                                                   [A

Writing model shards:   0%|          | 0/1 [00:00<?, ?it/s][A

Writing model shards: 100%|██████████| 1/1 [00:07<00:00,  7.07s/it][A
Writing model shards: 100%|██████████| 1/1 [00:07<00:00,  7.07s/it]

{'train_runtime': '6941', 'train_samples_per_second': '14.21', 'train_steps_per_second': '0.888', 'train_loss': '1.333', 'epoch': '2'}

Training complete in 6941.3s
  final train loss: 1.3331
  best checkpoint (eval_loss): results/train/gemma_4b_m90k/checkpoint-6000 @ eval_loss=1.247658371925354

Writing model shards:   0%|          | 0/1 [00:00<?, ?it/s]
Writing model shards: 100%|██████████| 1/1 [00:06<00:00,  6.81s/it]
Writing model shards: 100%|██████████| 1/1 [00:06<00:00,  6.82s/it]
  cleanup: rm -rf results/train/gemma_4b_m90k/checkpoint-6000

Wrote summary to results/train/gemma_4b_m90k/sft_v6_summary.json

================================================================================
                     Resource Usage on 06/09/2026 00:35:00

Job Id: 9267701
Queue: CSE
Walltime: 01:59:27  (requested 02:00:00)
Job execution was successful. Exit Status 0.

--------------------------------------------------------------------------------
|              |             GPUs              |            Memory             |
--------------------------------------------------------------------------------
| Node  GPU ID | Requested   Used   Efficiency | Available   Used              |
| k207    7    |     1       0.84       84%    | 97887 MiB  82.75G             |
--------------------------------------------------------------------------------
|Total         |     1       0.84      84.0%   |                               |
--------------------------------------------------------------------------------

--------------------------------------------------------------------------------
|              |             CPUs              |            Memory             |
--------------------------------------------------------------------------------
| Node         | Requested   Used   Efficiency | Requested   Used   Efficiency |
| k207         |     8       1.04      13.0%   |  100.0gb   37.63gb    37.6%   |
--------------------------------------------------------------------------------
