ok de-en
ok en-de
ok ar-en
ok en-ar
ok ru-en
ok en-ru
ok vi-en
ok en-vi
Loading tokenizer from /srv/scratch/z5531827/simt-models/EAST-8B-tokenizer
Loading annotator tokenizer from /srv/scratch/z5531827/simt-models/gemma-4-E4B-it
Loading source-lookup corpus from results/sft_dataset/gemma_2b_curated_pool.json
  80,000 rows indexed
Building cond-B dataset from 8 matrices file(s):
  - results/annotate/_pull_gemma2b/annotate/ar-en/matrices.jsonl
  - results/annotate/_pull_gemma2b/annotate/de-en/matrices.jsonl
  - results/annotate/_pull_gemma2b/annotate/en-ar/matrices.jsonl
  - results/annotate/_pull_gemma2b/annotate/en-de/matrices.jsonl
  - results/annotate/_pull_gemma2b/annotate/en-ru/matrices.jsonl
  - results/annotate/_pull_gemma2b/annotate/en-vi/matrices.jsonl
  - results/annotate/_pull_gemma2b/annotate/ru-en/matrices.jsonl
  - results/annotate/_pull_gemma2b/annotate/vi-en/matrices.jsonl
  tau ladder: [0.3, 0.5, 0.7, 1.0] (primary=0.3, fallbacks tried in order)
  reassign_latency: True (EAST-inherited thresholds: <=3 high, 4-5 medium, >=6 low)
[transformers] Ignoring clean_up_tokenization_spaces=True for BPE tokenizer TokenizersBackend. The clean_up_tokenization post-processing step is designed for WordPiece tokenizers and is destructive for BPE (it strips spaces before punctuation). Set clean_up_tokenization_spaces=False to suppress this warning, or set clean_up_tokenization_spaces_for_bpe_even_though_it_will_corrupt_output=True to force cleanup anyway.
  kept=78349  skipped=982  missing=0
  collapse-at-primary-tau: 23033  (29.4% of kept rows fell back)
  still-collapse-after-fallback (dropped): 982
  latency relabelled: 61451/78349 (78.4%)
  latency flip table (old -> new: count):
    medium ->   high: 52362
    medium ->    low: 9089
Wrote results/sft_dataset/east_8b_from_2b_annot/sft_dataset.json (95096.2 KB)

Chunk-count distribution (top 12):
    1 chunks: 22442 rows
    2 chunks: 23010 rows
    3 chunks: 14913 rows
    4 chunks: 8736 rows
    5 chunks: 4584 rows
    6 chunks: 2428 rows
    7 chunks: 1137 rows
    8 chunks: 594 rows
    9 chunks: 282 rows
   10 chunks: 138 rows
   11 chunks: 53 rows
   12 chunks: 20 rows

Assigned latency distribution:
     low:  9089  (11.6%)
  medium: 16898  (21.6%)
    high: 52362  (66.8%)

Tau-used distribution (base rows only):
  tau=0.3: 56298 rows  (71.9%)
  tau=0.5: 19337 rows  (24.7%)
  tau=0.7:  2714 rows  (3.5%)

Base rows: 78349  Augmented rows: 0

================================================================================
                     Resource Usage on 02/09/2026 11:08:17

Job Id: 9241627
Queue: CSE
Walltime: 00:03:48  (requested 02:00:00)
Job execution was successful. Exit Status 0.

--------------------------------------------------------------------------------
|              |             CPUs              |            Memory             |
--------------------------------------------------------------------------------
| Node         | Requested   Used   Efficiency | Requested   Used   Efficiency |
| k187         |     8       0.64      8.0%    |  64.0gb    1.76gb     2.8%    |
--------------------------------------------------------------------------------
